.............                                                            [100%]
13 passed in 1.10s
